[backblue.gif]
[fade.gif]
[index.html]
[images.squarespace-cdn.com/content/68ab1485267c2e0b7df3554c/1f054bee-3f8a-4419-b74e-6794be3460f6/Header2acd.png]
[assets.squarespace.com/@sqs/polyfiller/1.6/legacy.js]
[assets.squarespace.com/universal/scripts-compressed/extract-css-runtime-bd91b7edbfc7bac3-min.en-US.js]
[assets.squarespace.com/@sqs/polyfiller/1.6/modern.js]
[assets.squarespace.com/universal/scripts-compressed/cldr-resource-pack-c5175d8ac6fd7505-min.en-US.js]
[assets.squarespace.com/universal/scripts-compressed/extract-css-moment-js-vendor-6f2a1f6ec9a41489-min.en-US.js]
[assets.squarespace.com/universal/scripts-compressed/common-vendors-stable-fbd854d40b0804b7-min.en-US.js]
[assets.squarespace.com/universal/styles-compressed/user-account-core-4f7e23d9f9d71fa5-min.en-US.css]
[assets.squarespace.com/universal/scripts-compressed/user-account-core-762c0d5b3e1a2913-min.en-US.js]
[assets.squarespace.com/universal/scripts-compressed/performance-c0a9f2d2d967c3df-min.en-US.js]
[definitions.sqspcdn.com/website-component-definition/static-assets/website.components.shape/38cb5d45-8949-4b84-a623-75cf6e39a937_263/website.components.shape.styles.css]
[static1.squarespace.com/static/versioned-site-css/68ab1485267c2e0b7df3554c/52/5c5a519771c10ba3470d8101/68ab1485267c2e0b7df35554/1681/site.css]
[static1.squarespace.com/static/vta/5c5a519771c10ba3470d8101/versioned-assets/1757530132160-UWNNINZIKMAAY4NDWKHA/static.css]
[definitions.sqspcdn.com/website-component-definition/static-assets/website.components.shape/38cb5d45-8949-4b84-a623-75cf6e39a937_263/website.components.shape.visitor.js]
[rarelinkmap.squarespace.com/cart.html]
[images.squarespace-cdn.com/content/v1/68ab1485267c2e0b7df3554c/1f054bee-3f8a-4419-b74e-6794be3460f6/Header26f7.png]
[rarelinkmap.squarespace.com/join-rarelink.html]
[images.squarespace-cdn.com/content/v1/68ab1485267c2e0b7df3554c/09fd6531-fa92-47d0-b77d-b62a5ab212ec/Picture8.png]
[assets.squarespace.com/universal/scripts-compressed/common-vendors-4e7f38bd184d3349-min.en-US.js]
[images.squarespace-cdn.com/content/v1/68ab1485267c2e0b7df3554c/ee95e476-2bd4-431e-92b4-43467c9bf5f7/Picture3.png]
[images.squarespace-cdn.com/content/v1/68ab1485267c2e0b7df3554c/01829d6b-d794-401c-8d36-a7b6f4b28bff/Picture4.png]
[assets.squarespace.com/universal/scripts-compressed/common-9147e272358ce7db-min.en-US.js]
[images.squarespace-cdn.com/content/v1/68ab1485267c2e0b7df3554c/4e1dcb1a-85a3-49c6-b0e8-99425d5f758c/Picture5.png]
[images.squarespace-cdn.com/content/v1/68ab1485267c2e0b7df3554c/e07a91f3-31df-4cb6-b6e9-f7ddd26c6149/people-search.png]
[images.squarespace-cdn.com/content/v1/68ab1485267c2e0b7df3554c/edc4e0a2-be20-4486-a2f6-80ed5f0a2c62/chat-box.png]
[images.squarespace-cdn.com/content/v1/68ab1485267c2e0b7df3554c/a4d920c5-51d3-47c9-85d5-5f11de38dcd1/right-to-life.png]
[images.squarespace-cdn.com/content/v1/68ab1485267c2e0b7df3554c/b53032e5-bc15-4bcf-98f3-653f2cd31ae4/Find+your+Community.png]
[images.squarespace-cdn.com/content/v1/68ab1485267c2e0b7df3554c/f3e8d185-3e78-4b46-bd46-7ea904290456/Picture1.png]
[images.squarespace-cdn.com/content/v1/68ab1485267c2e0b7df3554c/27999a58-f421-4954-be15-439cf73fef8f/Rarelink+Map.png]
[images.squarespace-cdn.com/content/v1/68ab1485267c2e0b7df3554c/99f3d10a-c9bf-40fe-b841-9d439fd4555a/#MoreThanJustASpot.png]
[images.squarespace-cdn.com/content/v1/68ab1485267c2e0b7df3554c/b8caceba-1478-4344-a924-15c4054fa392/NF1+v2+(3240+x+1440+px).png]
[images.squarespace-cdn.com/content/v1/68ab1485267c2e0b7df3554c/be522141-7b11-449e-b57c-1dda86dd6149/Get+Involved.png]
[rarelinkmap.squarespace.com/index.html]
[assets.squarespace.com/universal/styles-compressed/user-account-core-4f7e23d9f9d71fa5-min.en-US.css]
[assets.squarespace.com/universal/images-v6/damask/error-dark.png]
[assets.squarespace.com/universal/images-v6/damask/error-dark@2x.png]
[assets.squarespace.com/universal/images-v6/damask/play-button.png]
[assets.squarespace.com/universal/images-v6/damask/play-button@2x.png]
[assets.squarespace.com/universal/images-v6/damask/edit-aviary-light.png]
[assets.squarespace.com/universal/images-v6/damask/edit-aviary-light@2x.png]
[assets.squarespace.com/universal/images-v6/damask/edit-info-light.png]
[assets.squarespace.com/universal/images-v6/damask/edit-info-light@2x.png]
[assets.squarespace.com/universal/images-v6/damask/trash-9-light.png]
[assets.squarespace.com/universal/images-v6/damask/trash-9-light@2x.png]
[assets.squarespace.com/universal/images-v6/damask/trash-9-red.png]
[assets.squarespace.com/universal/images-v6/damask/trash-9-red@2x.png]
[assets.squarespace.com/universal/images-v6/damask/getty-16-light.png]
[assets.squarespace.com/universal/images-v6/damask/getty-32-light.png]
[assets.squarespace.com/universal/images-v6/damask/shopping-cart-16-light.png]
[assets.squarespace.com/universal/images-v6/damask/shopping-cart-32-light.png]
[static1.squarespace.com/static/vta/5c5a519771c10ba3470d8101/scripts/site-bundle.34cae22fc725462757fac8245a41114f.js]
[assets.squarespace.com/universal/images-v6/icons/block-indicator-dark.png]
[assets.squarespace.com/universal/images-v6/icons/block-indicator-dark@2x.png]
[assets.squarespace.com/universal/images-v6/icons/opentable-icons.png]
[assets.squarespace.com/universal/images-v6/icons/icon-searchqueries-20-dark.png]
[assets.squarespace.com/universal/images-v6/icons/icon-searchqueries-20-light.png]
[assets.squarespace.com/universal/images-v6/icons/icon-video-24-light-solid.png]
[assets.squarespace.com/universal/images-v6/standard/icon_close_7_light.png]
[assets.squarespace.com/universal/images-v6/icons/icon-settings-16-light.png]
[static1.squarespace.com/static/versioned-site-css/68ab1485267c2e0b7df3554c/52/5c5a519771c10ba3470d8101/68ab1485267c2e0b7df35554/1681/site.css]
[definitions.sqspcdn.com/website-component-definition/static-assets/website.components.shape/38cb5d45-8949-4b84-a623-75cf6e39a937_263/website.components.shape.styles.css]
[static1.squarespace.com/static/vta/5c5a519771c10ba3470d8101/versioned-assets/1757530132160-UWNNINZIKMAAY4NDWKHA/static.css]
[assets.squarespace.com/universal/scripts-compressed/extract-css-runtime-c06aa7b3b65f71c6-min.en-US.js]
[assets.squarespace.com/universal/styles-compressed/user-account-core-6e87f1d2756fd97a-min.en-US.css]
[assets.squarespace.com/universal/scripts-compressed/performance-44bdb2faded374b0-min.en-US.js]
[assets.squarespace.com/universal/scripts-compressed/user-account-core-bddbf8366311df07-min.en-US.js]
[static1.squarespace.com/static/versioned-site-css/68ab1485267c2e0b7df3554c/52/5c5a519771c10ba3470d8101/68ab1485267c2e0b7df35554/1682/site.css]
[static1.squarespace.com/static/vta/5c5a519771c10ba3470d8101/versioned-assets/1757609714895-IZ870D36GHYYXXY463K8/static.css]
[rarelinkmap.squarespace.com/cart.html]
[static1.squarespace.com/static/vta/5c5a519771c10ba3470d8101/scripts/site-bundle.2b11e693412f4b4fd5346d9f77a2d131.js]
[images.squarespace-cdn.com/content/v1/68ab1485267c2e0b7df3554c/f9ff0d93-3e3d-469b-a424-a3a0ee0d2563/Join+RareLink.png]
[rarelinkmap.squarespace.com/join-rarelink.html]
[assets.squarespace.com/universal/scripts-compressed/common-vendors-0fc1f53efdae3e4e-min.en-US.js]
[assets.squarespace.com/universal/scripts-compressed/common-3594cc8ac1f881e2-min.en-US.js]
[assets.squarespace.com/universal/styles-compressed/user-account-core-6e87f1d2756fd97a-min.en-US.css]
[static1.squarespace.com/static/versioned-site-css/68ab1485267c2e0b7df3554c/52/5c5a519771c10ba3470d8101/68ab1485267c2e0b7df35554/1682/site.css]
[static1.squarespace.com/static/vta/5c5a519771c10ba3470d8101/versioned-assets/1757609714895-IZ870D36GHYYXXY463K8/static.css]
